253,x,100.000,10000,10000,-0.144228,0.003576,0.059798,-0.268860,0.024780,1.562,0.075830
253,y,100.000,10000,10000,-0.005121,0.193025,0.439346,-0.715393,0.684753,1.562,0.585389
253,z,100.000,10000,10000,-1.002910,0.004222,0.064977,-1.166626,-0.837646,1.562,0.076559
254,x,100.000,10000,10000,-0.119597,0.002226,0.047176,-0.221436,-0.019348,1.953,0.060288
254,y,100.000,10000,10000,0.079907,0.185565,0.430772,-0.667786,0.746216,1.562,0.543519
254,z,100.000,10000,10000,-1.019734,0.002285,0.047798,-1.184204,-0.931824,1.953,0.051349
255,x,100.000,10000,10000,-0.116902,0.002598,0.050969,-0.225769,-0.016418,1.562,0.062060
255,y,100.000,10000,10000,0.043458,0.157759,0.397188,-0.708618,0.652832,1.562,0.548391
255,z,100.000,10000,10000,-1.012160,0.001774,0.042119,-1.118469,-0.918701,1.562,0.039471
256,x,100.000,10000,10000,-0.115371,0.002794,0.052859,-0.205627,-0.007019,1.562,0.069945
256,y,100.000,10000,10000,0.022142,0.155972,0.394933,-0.638794,0.644836,1.562,0.520031
256,z,100.000,10000,10000,-1.016558,0.001438,0.037918,-1.111389,-0.940002,1.562,0.027059
257,x,100.000,10000,10000,-0.110632,0.002927,0.054106,-0.210999,0.029846,1.562,0.065290
257,y,100.000,10000,10000,0.088511,0.184436,0.429460,-0.660828,0.808105,1.562,0.567790
257,z,100.000,10000,10000,-1.019003,0.004233,0.065065,-1.201233,-0.889648,1.562,0.068753
258,x,100.000,10000,10000,-0.079722,0.003676,0.060628,-0.211792,0.032776,1.562,0.071479
258,y,100.000,10000,10000,0.101652,0.130380,0.361082,-0.527527,0.698914,1.562,0.472183
258,z,100.000,10000,10000,-1.017353,0.003685,0.060703,-1.156128,-0.904724,1.953,0.063586
259,x,100.000,10000,10000,-0.083450,0.002265,0.047589,-0.165588,0.013367,1.562,0.061202
259,y,100.000,10000,10000,0.042955,0.149140,0.386186,-0.553955,0.739563,1.562,0.550913
259,z,100.000,10000,10000,-1.026348,0.002586,0.050850,-1.138611,-0.910339,2.734,0.040210
260,x,100.000,10000,10000,-0.098493,0.009161,0.095714,-0.249146,0.091125,1.562,0.109440
260,y,100.000,10000,10000,0.046065,0.274288,0.523725,-0.765686,0.968750,1.562,0.665674
260,z,100.000,10000,10000,-1.024578,0.006133,0.078314,-1.178223,-0.836487,1.562,0.072028
261,x,100.000,10000,10000,-0.087493,0.007522,0.086730,-0.241577,0.060486,1.562,0.092317
261,y,100.000,10000,10000,0.113276,0.235069,0.484839,-0.630798,0.890930,1.562,0.637182
261,z,100.000,10000,10000,-1.020205,0.004708,0.068615,-1.166992,-0.884155,1.562,0.044926
